ERC report (2026-05-26T13:30:47, Encoding UTF8)
Report includes: Errors, Warnings

***** Sheet /
[pin_not_connected]: Pin not connected
    ; error
    @(30.00 mm, 10.00 mm): Symbol #PWR01 Pin 1 [PWR, Power input, Line]
[power_pin_not_driven]: Input Power pin not driven by any Output Power pins
    ; error
    @(30.00 mm, 10.00 mm): Symbol #PWR01 Pin 1 [PWR, Power input, Line]
[pin_not_connected]: Pin not connected
    ; error
    @(30.00 mm, 20.00 mm): Symbol #PWR02 Pin 1 [PWR, Power input, Line]
[pin_not_connected]: Pin not connected
    ; error
    @(30.00 mm, 30.00 mm): Symbol #PWR03 Pin 1 [PWR, Power input, Line]
[pin_not_connected]: Pin not connected
    ; error
    @(30.00 mm, 40.00 mm): Symbol #PWR04 Pin 1 [PWR, Power input, Line]
[pin_not_connected]: Pin not connected
    ; error
    @(49.92 mm, 90.00 mm): Symbol J1 Pin 1 [GND, Passive, Line]
[pin_not_connected]: Pin not connected
    ; error
    @(49.92 mm, 92.54 mm): Symbol J1 Pin 3 [~{VCC_3V3}, Passive, Line]
[pin_not_connected]: Pin not connected
    ; error
    @(49.92 mm, 95.08 mm): Symbol J1 Pin 5 [BAT, Passive, Line]
[pin_not_connected]: Pin not connected
    ; error
    @(49.92 mm, 97.62 mm): Symbol J1 Pin 7 [GPIO39, Passive, Line]
[pin_not_connected]: Pin not connected
    ; error
    @(49.92 mm, 100.16 mm): Symbol J1 Pin 9 [GPIO40, Passive, Line]
[pin_not_connected]: Pin not connected
    ; error
    @(49.92 mm, 102.70 mm): Symbol J1 Pin 11 [GPIO42, Passive, Line]
[pin_not_connected]: Pin not connected
    ; error
    @(49.92 mm, 105.24 mm): Symbol J1 Pin 13 [GPIO21, Passive, Line]
[pin_not_connected]: Pin not connected
    ; error
    @(49.92 mm, 107.78 mm): Symbol J1 Pin 15 [GPIO1, Passive, Line]
[pin_not_connected]: Pin not connected
    ; error
    @(49.92 mm, 110.32 mm): Symbol J1 Pin 17 [GPIO3, Passive, Line]
[pin_not_connected]: Pin not connected
    ; error
    @(49.92 mm, 112.86 mm): Symbol J1 Pin 19 [GPIO5, Passive, Line]
[pin_not_connected]: Pin not connected
    ; error
    @(49.92 mm, 115.40 mm): Symbol J1 Pin 21 [GPIO7, Passive, Line]
[pin_not_connected]: Pin not connected
    ; error
    @(49.92 mm, 117.94 mm): Symbol J1 Pin 23 [GPIO9, Passive, Line]
[pin_not_connected]: Pin not connected
    ; error
    @(49.92 mm, 120.48 mm): Symbol J1 Pin 25 [GPIO11, Passive, Line]
[pin_not_connected]: Pin not connected
    ; error
    @(49.92 mm, 123.02 mm): Symbol J1 Pin 27 [GPIO13, Passive, Line]
[pin_not_connected]: Pin not connected
    ; error
    @(49.92 mm, 125.56 mm): Symbol J1 Pin 29 [GPIO15, Passive, Line]
[pin_not_connected]: Pin not connected
    ; error
    @(49.92 mm, 128.10 mm): Symbol J1 Pin 31 [GPIO17, Passive, Line]
[pin_not_connected]: Pin not connected
    ; error
    @(62.62 mm, 90.00 mm): Symbol J1 Pin 2 [GND, Passive, Line]
[pin_not_connected]: Pin not connected
    ; error
    @(62.62 mm, 92.54 mm): Symbol J1 Pin 4 [~{VCC_5V}, Passive, Line]
[pin_not_connected]: Pin not connected
    ; error
    @(62.62 mm, 95.08 mm): Symbol J1 Pin 6 [GPIO38, Passive, Line]
[pin_not_connected]: Pin not connected
    ; error
    @(62.62 mm, 97.62 mm): Symbol J1 Pin 8 [GPIO46, Passive, Line]
[pin_not_connected]: Pin not connected
    ; error
    @(62.62 mm, 100.16 mm): Symbol J1 Pin 10 [GPIO41, Passive, Line]
[pin_not_connected]: Pin not connected
    ; error
    @(62.62 mm, 102.70 mm): Symbol J1 Pin 12 [GPIO47, Passive, Line]
[pin_not_connected]: Pin not connected
    ; error
    @(62.62 mm, 105.24 mm): Symbol J1 Pin 14 [GPIO45, Passive, Line]
[pin_not_connected]: Pin not connected
    ; error
    @(62.62 mm, 107.78 mm): Symbol J1 Pin 16 [GPIO2, Passive, Line]
[pin_not_connected]: Pin not connected
    ; error
    @(62.62 mm, 110.32 mm): Symbol J1 Pin 18 [GPIO4, Passive, Line]
[pin_not_connected]: Pin not connected
    ; error
    @(62.62 mm, 112.86 mm): Symbol J1 Pin 20 [GPIO6, Passive, Line]
[pin_not_connected]: Pin not connected
    ; error
    @(62.62 mm, 115.40 mm): Symbol J1 Pin 22 [GPIO8, Passive, Line]
[pin_not_connected]: Pin not connected
    ; error
    @(62.62 mm, 117.94 mm): Symbol J1 Pin 24 [GPIO10, Passive, Line]
[pin_not_connected]: Pin not connected
    ; error
    @(62.62 mm, 120.48 mm): Symbol J1 Pin 26 [GPIO12, Passive, Line]
[pin_not_connected]: Pin not connected
    ; error
    @(62.62 mm, 123.02 mm): Symbol J1 Pin 28 [GPIO14, Passive, Line]
[pin_not_connected]: Pin not connected
    ; error
    @(62.62 mm, 125.56 mm): Symbol J1 Pin 30 [GPIO16, Passive, Line]
[pin_not_connected]: Pin not connected
    ; error
    @(62.62 mm, 128.10 mm): Symbol J1 Pin 32 [NC, Passive, Line]
[pin_not_connected]: Pin not connected
    ; error
    @(99.92 mm, 25.00 mm): Symbol J3 Pin 1 [~{VCC_3V3}, Passive, Line]
[pin_not_connected]: Pin not connected
    ; error
    @(99.92 mm, 27.54 mm): Symbol J3 Pin 3 [CLK_SPI, Passive, Line]
[pin_not_connected]: Pin not connected
    ; error
    @(99.92 mm, 30.08 mm): Symbol J3 Pin 5 [MOSI_SPI, Passive, Line]
[pin_not_connected]: Pin not connected
    ; error
    @(99.92 mm, 32.62 mm): Symbol J3 Pin 7 [RTD1_P, Passive, Line]
[pin_not_connected]: Pin not connected
    ; error
    @(99.92 mm, 65.00 mm): Symbol J4 Pin 1 [~{VCC_3V3}, Passive, Line]
[pin_not_connected]: Pin not connected
    ; error
    @(99.92 mm, 67.54 mm): Symbol J4 Pin 3 [CLK_SPI, Passive, Line]
[pin_not_connected]: Pin not connected
    ; error
    @(99.92 mm, 70.08 mm): Symbol J4 Pin 5 [MOSI_SPI, Passive, Line]
[pin_not_connected]: Pin not connected
    ; error
    @(99.92 mm, 72.62 mm): Symbol J4 Pin 7 [RTD2_P, Passive, Line]
[pin_not_connected]: Pin not connected
    ; error
    @(112.62 mm, 25.00 mm): Symbol J3 Pin 2 [GND, Passive, Line]
[pin_not_connected]: Pin not connected
    ; error
    @(112.62 mm, 27.54 mm): Symbol J3 Pin 4 [MISO_SPI, Passive, Line]
[pin_not_connected]: Pin not connected
    ; error
    @(112.62 mm, 30.08 mm): Symbol J3 Pin 6 [CS_MAX1, Passive, Line]
[pin_not_connected]: Pin not connected
    ; error
    @(112.62 mm, 32.62 mm): Symbol J3 Pin 8 [RTD1_N, Passive, Line]
[pin_not_connected]: Pin not connected
    ; error
    @(112.62 mm, 65.00 mm): Symbol J4 Pin 2 [GND, Passive, Line]
[pin_not_connected]: Pin not connected
    ; error
    @(112.62 mm, 67.54 mm): Symbol J4 Pin 4 [MISO_SPI, Passive, Line]
[pin_not_connected]: Pin not connected
    ; error
    @(112.62 mm, 70.08 mm): Symbol J4 Pin 6 [CS_MAX2, Passive, Line]
[pin_not_connected]: Pin not connected
    ; error
    @(112.62 mm, 72.62 mm): Symbol J4 Pin 8 [RTD2_N, Passive, Line]
[pin_not_connected]: Pin not connected
    ; error
    @(134.92 mm, 20.00 mm): Symbol J2 Pin 1 [~{VCC_5V}, Passive, Line]
[pin_not_connected]: Pin not connected
    ; error
    @(134.92 mm, 22.54 mm): Symbol J2 Pin 2 [GND, Passive, Line]
[pin_not_connected]: Pin not connected
    ; error
    @(134.92 mm, 25.08 mm): Symbol J2 Pin 3 [TXD_SIM, Passive, Line]
[pin_not_connected]: Pin not connected
    ; error
    @(134.92 mm, 27.62 mm): Symbol J2 Pin 4 [RXD_SIM, Passive, Line]
[pin_not_connected]: Pin not connected
    ; error
    @(134.92 mm, 30.16 mm): Symbol J2 Pin 5 [RST_SIM, Passive, Line]
[pin_not_connected]: Pin not connected
    ; error
    @(134.92 mm, 32.70 mm): Symbol J2 Pin 6 [PWR_SIM, Passive, Line]
[pin_not_connected]: Pin not connected
    ; error
    @(140.00 mm, 51.19 mm): Symbol C1 Pin 1 [+, Passive, Line]
[pin_not_connected]: Pin not connected
    ; error
    @(140.00 mm, 58.81 mm): Symbol C1 Pin 2 [-, Passive, Line]
[pin_not_connected]: Pin not connected
    ; error
    @(179.92 mm, 25.00 mm): Symbol J5 Pin 1 [~{VCC_3V3}, Passive, Line]
[pin_not_connected]: Pin not connected
    ; error
    @(179.92 mm, 27.54 mm): Symbol J5 Pin 2 [GND, Passive, Line]
[pin_not_connected]: Pin not connected
    ; error
    @(179.92 mm, 30.08 mm): Symbol J5 Pin 3 [I2C_SDA, Passive, Line]
[pin_not_connected]: Pin not connected
    ; error
    @(179.92 mm, 32.62 mm): Symbol J5 Pin 4 [I2C_SCL, Passive, Line]
[pin_not_connected]: Pin not connected
    ; error
    @(179.92 mm, 65.00 mm): Symbol J6 Pin 1 [~{VCC_3V3}, Passive, Line]
[pin_not_connected]: Pin not connected
    ; error
    @(179.92 mm, 67.54 mm): Symbol J6 Pin 2 [GND, Passive, Line]
[pin_not_connected]: Pin not connected
    ; error
    @(179.92 mm, 70.08 mm): Symbol J6 Pin 3 [I2C_SDA, Passive, Line]
[pin_not_connected]: Pin not connected
    ; error
    @(179.92 mm, 72.62 mm): Symbol J6 Pin 4 [I2C_SCL, Passive, Line]
[pin_not_connected]: Pin not connected
    ; error
    @(214.92 mm, 25.00 mm): Symbol J7 Pin 1 [RTD1_P, Passive, Line]
[pin_not_connected]: Pin not connected
    ; error
    @(214.92 mm, 27.54 mm): Symbol J7 Pin 2 [RTD1_N, Passive, Line]
[pin_not_connected]: Pin not connected
    ; error
    @(214.92 mm, 40.00 mm): Symbol J8 Pin 1 [RTD2_P, Passive, Line]
[pin_not_connected]: Pin not connected
    ; error
    @(214.92 mm, 42.54 mm): Symbol J8 Pin 2 [RTD2_N, Passive, Line]
[pin_not_connected]: Pin not connected
    ; error
    @(214.92 mm, 55.00 mm): Symbol J9 Pin 1 [BAT, Passive, Line]
[pin_not_connected]: Pin not connected
    ; error
    @(214.92 mm, 57.54 mm): Symbol J9 Pin 2 [GND, Passive, Line]
[pin_not_connected]: Pin not connected
    ; error
    @(214.92 mm, 70.00 mm): Symbol J10 Pin 1 [ANT_GSM, Passive, Line]
[pin_not_connected]: Pin not connected
    ; error
    @(214.92 mm, 72.54 mm): Symbol J10 Pin 2 [GND, Passive, Line]
[endpoint_off_grid]: Symbol pin or wire end off connection grid
    ; warning
    @(30.00 mm, 10.00 mm): Symbol #PWR01 Pin 1 [PWR, Power input, Line]
[lib_symbol_issues]: The current configuration does not include the symbol library ''
    ; warning
    @(30.00 mm, 10.00 mm): Symbol #PWR01 [PWR_FLAG]
[endpoint_off_grid]: Symbol pin or wire end off connection grid
    ; warning
    @(30.00 mm, 20.00 mm): Symbol #PWR02 Pin 1 [PWR, Power input, Line]
[lib_symbol_issues]: The current configuration does not include the symbol library ''
    ; warning
    @(30.00 mm, 20.00 mm): Symbol #PWR02 [PWR_FLAG]
[endpoint_off_grid]: Symbol pin or wire end off connection grid
    ; warning
    @(30.00 mm, 30.00 mm): Symbol #PWR03 Pin 1 [PWR, Power input, Line]
[lib_symbol_issues]: The current configuration does not include the symbol library ''
    ; warning
    @(30.00 mm, 30.00 mm): Symbol #PWR03 [PWR_FLAG]
[endpoint_off_grid]: Symbol pin or wire end off connection grid
    ; warning
    @(30.00 mm, 40.00 mm): Symbol #PWR04 Pin 1 [PWR, Power input, Line]
[lib_symbol_issues]: The current configuration does not include the symbol library ''
    ; warning
    @(30.00 mm, 40.00 mm): Symbol #PWR04 [PWR_FLAG]
[endpoint_off_grid]: Symbol pin or wire end off connection grid
    ; warning
    @(49.92 mm, 90.00 mm): Symbol J1 Pin 1 [GND, Passive, Line]
[footprint_link_issues]: The current configuration does not include the footprint library 'Connector_PinHeader_2.54mm'
    ; warning
    @(55.00 mm, 90.00 mm): Symbol J1 [Conn_02x16]
[lib_symbol_issues]: The current configuration does not include the symbol library ''
    ; warning
    @(55.00 mm, 90.00 mm): Symbol J1 [Conn_02x16]
[endpoint_off_grid]: Symbol pin or wire end off connection grid
    ; warning
    @(99.92 mm, 25.00 mm): Symbol J3 Pin 1 [~{VCC_3V3}, Passive, Line]
[endpoint_off_grid]: Symbol pin or wire end off connection grid
    ; warning
    @(99.92 mm, 65.00 mm): Symbol J4 Pin 1 [~{VCC_3V3}, Passive, Line]
[footprint_link_issues]: The current configuration does not include the footprint library 'Connector_PinHeader_2.54mm'
    ; warning
    @(105.00 mm, 25.00 mm): Symbol J3 [Conn_02x04_M1]
[lib_symbol_issues]: The current configuration does not include the symbol library ''
    ; warning
    @(105.00 mm, 25.00 mm): Symbol J3 [Conn_02x04_M1]
[footprint_link_issues]: The current configuration does not include the footprint library 'Connector_PinHeader_2.54mm'
    ; warning
    @(105.00 mm, 65.00 mm): Symbol J4 [Conn_02x04_M2]
[lib_symbol_issues]: The current configuration does not include the symbol library ''
    ; warning
    @(105.00 mm, 65.00 mm): Symbol J4 [Conn_02x04_M2]
[endpoint_off_grid]: Symbol pin or wire end off connection grid
    ; warning
    @(134.92 mm, 20.00 mm): Symbol J2 Pin 1 [~{VCC_5V}, Passive, Line]
[footprint_link_issues]: The current configuration does not include the footprint library 'Connector_PinHeader_2.54mm'
    ; warning
    @(140.00 mm, 20.00 mm): Symbol J2 [Conn_01x06_SIM]
[lib_symbol_issues]: The current configuration does not include the symbol library ''
    ; warning
    @(140.00 mm, 20.00 mm): Symbol J2 [Conn_01x06_SIM]
[endpoint_off_grid]: Symbol pin or wire end off connection grid
    ; warning
    @(140.00 mm, 51.19 mm): Symbol C1 Pin 1 [+, Passive, Line]
[footprint_link_issues]: The current configuration does not include the footprint library 'Capacitor_THT'
    ; warning
    @(140.00 mm, 55.00 mm): Symbol C1 [C_TH]
[lib_symbol_issues]: The current configuration does not include the symbol library ''
    ; warning
    @(140.00 mm, 55.00 mm): Symbol C1 [C_TH]
[endpoint_off_grid]: Symbol pin or wire end off connection grid
    ; warning
    @(179.92 mm, 25.00 mm): Symbol J5 Pin 1 [~{VCC_3V3}, Passive, Line]
[endpoint_off_grid]: Symbol pin or wire end off connection grid
    ; warning
    @(179.92 mm, 65.00 mm): Symbol J6 Pin 1 [~{VCC_3V3}, Passive, Line]
[footprint_link_issues]: The current configuration does not include the footprint library 'Connector_JST'
    ; warning
    @(185.00 mm, 25.00 mm): Symbol J5 [Conn_01x04_S1]
[lib_symbol_issues]: The current configuration does not include the symbol library ''
    ; warning
    @(185.00 mm, 25.00 mm): Symbol J5 [Conn_01x04_S1]
[footprint_link_issues]: The current configuration does not include the footprint library 'Connector_JST'
    ; warning
    @(185.00 mm, 65.00 mm): Symbol J6 [Conn_01x04_S2]
[lib_symbol_issues]: The current configuration does not include the symbol library ''
    ; warning
    @(185.00 mm, 65.00 mm): Symbol J6 [Conn_01x04_S2]
[endpoint_off_grid]: Symbol pin or wire end off connection grid
    ; warning
    @(214.92 mm, 25.00 mm): Symbol J7 Pin 1 [RTD1_P, Passive, Line]
[endpoint_off_grid]: Symbol pin or wire end off connection grid
    ; warning
    @(214.92 mm, 40.00 mm): Symbol J8 Pin 1 [RTD2_P, Passive, Line]
[endpoint_off_grid]: Symbol pin or wire end off connection grid
    ; warning
    @(214.92 mm, 55.00 mm): Symbol J9 Pin 1 [BAT, Passive, Line]
[endpoint_off_grid]: Symbol pin or wire end off connection grid
    ; warning
    @(214.92 mm, 70.00 mm): Symbol J10 Pin 1 [ANT_GSM, Passive, Line]
[footprint_link_issues]: The current configuration does not include the footprint library 'Connector_JST'
    ; warning
    @(220.00 mm, 25.00 mm): Symbol J7 [Conn_01x02_P1]
[lib_symbol_issues]: The current configuration does not include the symbol library ''
    ; warning
    @(220.00 mm, 25.00 mm): Symbol J7 [Conn_01x02_P1]
[footprint_link_issues]: The current configuration does not include the footprint library 'Connector_JST'
    ; warning
    @(220.00 mm, 40.00 mm): Symbol J8 [Conn_01x02_P2]
[lib_symbol_issues]: The current configuration does not include the symbol library ''
    ; warning
    @(220.00 mm, 40.00 mm): Symbol J8 [Conn_01x02_P2]
[footprint_link_issues]: The current configuration does not include the footprint library 'Connector_JST'
    ; warning
    @(220.00 mm, 55.00 mm): Symbol J9 [Conn_01x02_LP]
[lib_symbol_issues]: The current configuration does not include the symbol library ''
    ; warning
    @(220.00 mm, 55.00 mm): Symbol J9 [Conn_01x02_LP]
[footprint_link_issues]: The current configuration does not include the footprint library 'Connector_Coaxial'
    ; warning
    @(220.00 mm, 70.00 mm): Symbol J10 [Conn_01x02_SM]
[lib_symbol_issues]: The current configuration does not include the symbol library ''
    ; warning
    @(220.00 mm, 70.00 mm): Symbol J10 [Conn_01x02_SM]

 ** ERC messages: 118  Errors 77  Warnings 41

 ** Ignored checks:
    - Global label only appears once in the schematic
    - Four connection points are joined together
    - SPICE model issue
    - Assigned footprint doesn't match footprint filters
